(LIT "")
(ERROR "unterminated string literal at EOF")
