(ID "x")
(PUNCT "=")
(PUNCT "-")
(LIT +1.0i)
(ENDMARKER)
