(LIT 1.0)
(PUNCT ".")
(PUNCT ".")
(PUNCT ".")
(PUNCT ".")
(PUNCT ".")
(PUNCT ".")
(PUNCT ".")
(PUNCT ".")
(PUNCT ".")
(PUNCT ".")
(PUNCT ".")
(PUNCT ".")
(PUNCT ".")
(PUNCT ".")
(PUNCT ".")
(PUNCT ".")
(PUNCT ".")
(PUNCT ".")
(PUNCT ".")
(PUNCT ".")
(PUNCT ".")
(PUNCT ".")
(PUNCT ".")
(ENDMARKER)
