(ID "r")
(PUNCT "=")
(LIT 0)
(LIT 10)
(ENDMARKER)
