(INDENT)
(KEYWORD def)
(ID "hello")
(PUNCT "(")
(ID "x")
(DEDENT)
(ENDMARKER)
