(KEYWORD return)
(LIT +1.0i)
(NEWLINE)
(ENDMARKER)
