(ID "x")
(PUNCT "=")
(LIT 1)
(NEWLINE)
(LIT "")
(ERROR "unterminated string literal at EOF")
