(KEYWORD if)
(PUNCT "(")
(ID "x")
(PUNCT "==")
(PUNCT "-")
(LIT 1)
(PUNCT ":")
(KEYWORD return)
(LIT +1.0i)
(KEYWORD elif)
(ID "x")
(PUNCT "==")
(LIT 0.1)
(PUNCT ":")
(KEYWORD return)
(LIT 1)
(KEYWORD else)
(KEYWORD return)
(LIT 1)
(ENDMARKER)
