(KEYWORD return)
(LIT 1.0)
(ID "foo")
(ENDMARKER)
